Python 3.7.3 (default, Jul 25 2020, 13:03:44) 
[GCC 8.3.0] on linux
Type "help", "copyright", "credits" or "license()" for more information.
>>> z = -89.5+2.125j
>>> z.real, z.imag
(-89.5, 2.125)
>>> z.conjugate()
(-89.5-2.125j)
>>> 3-4j.conjugate()
(3+4j)
>>> 4j.real
0.0
>>> 4j.imag
4.0
>>> 4j+3+2j
(3+6j)
>>> 
>>> 0
0
>>> 0k
SyntaxError: invalid syntax
>>> 0j
0j
>>> 
